﻿
> reverify-frontend@0.0.0 build
> vite build

[36mvite v8.0.8 [32mbuilding client environment for production...[36m[39m
[2K
transforming...Γ£ô 95 modules transformed.
node.exe : [31mΓ£ù[39m Build failed in 379ms
At line:1 char:1
+ & "C:\Program Files\nodejs/node.exe" "C:\Program Files\nodejs/node_mo ...
+ ~~~~~~~~~~~~~~~~~~~~~~~~~~~~~~~~~~~~~~~~~~~~~~~~~~~~~~~~~~~~~~~~~~~~~
    + CategoryInfo          : NotSpecified: ([31mΓ£ù[39m Build failed in 379ms:String) [], RemoteException
    + FullyQualifiedErrorId : NativeCommandError
 
[31merror during build:
[31mBuild failed with 1 error:

[plugin vite:css-post]
SyntaxError: [lightningcss minify] Unexpected end of input
648 |  @media (max-width: 992px) {
649 |    --sidebar-width: 240px;
650 |  }
    |  ^
651 |  
652 |  @media (max-width: 768px) {
    at Module.<anonymous> 
(C:\Users\Basit\reVerifyFrontend\reverify-frontend\node_modules\lightningcss\node\index.js:56:14)
    at minifyCSS 
(file:///C:/Users/Basit/reVerifyFrontend/reverify-frontend/node_modules/vite/dist/node/chunks/node.js:21260:59)
    at async finalizeCss 
(file:///C:/Users/Basit/reVerifyFrontend/reverify-frontend/node_modules/vite/dist/node/chunks/node.js:21106:36)
    at async Promise.all (index 1)
    at async Object.run 
(file:///C:/Users/Basit/reVerifyFrontend/reverify-frontend/node_modules/vite/dist/node/chunks/node.js:2438:22)
    at async PluginContextImpl.renderChunk 
(file:///C:/Users/Basit/reVerifyFrontend/reverify-frontend/node_modules/vite/dist/node/chunks/node.js:20645:19)
    at async plugin (file:///C:/Users/Basit/reVerifyFrontend/reverify-frontend/node_modules/rolldown/dist/shared/bindin
gify-input-options-DYpBf1OG.mjs:1277:16)
    at async plugin.<computed> (file:///C:/Users/Basit/reVerifyFrontend/reverify-frontend/node_modules/rolldown/dist/sh
ared/bindingify-input-options-DYpBf1OG.mjs:1636:12)[31m
    at aggregateBindingErrorsIntoJsError 
(file:///C:/Users/Basit/reVerifyFrontend/reverify-frontend/node_modules/rolldown/dist/shared/error-w0u7biK-.mjs:48:18)
    at unwrapBindingResult 
(file:///C:/Users/Basit/reVerifyFrontend/reverify-frontend/node_modules/rolldown/dist/shared/error-w0u7biK-.mjs:18:128)
    at #build (file:///C:/Users/Basit/reVerifyFrontend/reverify-frontend/node_modules/rolldown/dist/shared/rolldown-bui
ld-DtGk-m96.mjs:3313:34)
    at async buildEnvironment 
(file:///C:/Users/Basit/reVerifyFrontend/reverify-frontend/node_modules/vite/dist/node/chunks/node.js:32954:64)
    at async Object.build 
(file:///C:/Users/Basit/reVerifyFrontend/reverify-frontend/node_modules/vite/dist/node/chunks/node.js:33376:19)
    at async Object.buildApp 
(file:///C:/Users/Basit/reVerifyFrontend/reverify-frontend/node_modules/vite/dist/node/chunks/node.js:33373:153)
    at async CAC.<anonymous> 
(file:///C:/Users/Basit/reVerifyFrontend/reverify-frontend/node_modules/vite/dist/node/cli.js:778:3) {
  errors: [Getter/Setter]
}[39m
